scope for users-api:
  src/app.ts → tests: test/users.test.ts
  src/users/routes.ts → tests: test/users.test.ts
  src/users/schema.ts → tests: test/users.test.ts
  src/users/store.ts → tests: test/users.test.ts
harness-owned (import, do not edit): src/lib/http.ts, src/lib/idempotency.ts, src/lib/pagination.ts, src/lib/problem.ts, test/helpers.ts

all files:
package.json
src/app.ts
src/lib/http.ts
src/lib/idempotency.ts
src/lib/pagination.ts
src/lib/problem.ts
src/server.ts
src/users/routes.ts
src/users/schema.ts
src/users/store.ts
test/helpers.ts
test/users.test.ts
tsconfig.json