contract-drift              pass     src/users/routes.ts
problem-json                pass     src/app.ts
problem-json                pass     src/lib/http.ts
problem-json                pass     src/lib/idempotency.ts
problem-json                pass     src/lib/pagination.ts
problem-json                pass     src/lib/problem.ts
problem-json                pass     src/server.ts
problem-json                pass     src/users/routes.ts
problem-json                pass     src/users/schema.ts
problem-json                pass     src/users/store.ts
problem-json                FAIL     test:0  no test asserts an application/problem+json response
rest-conventions            pass     src/users/routes.ts
strict-types                pass     src/app.ts
strict-types                pass     src/lib/http.ts
strict-types                pass     src/lib/idempotency.ts
strict-types                pass     src/lib/pagination.ts
strict-types                pass     src/lib/problem.ts
strict-types                pass     src/server.ts
strict-types                pass     src/users/routes.ts
strict-types                pass     src/users/schema.ts
strict-types                pass     src/users/store.ts
strict-types                pass     test/helpers.ts
strict-types                pass     test/users.test.ts
tsc-strict                  pass     src/app.ts
tsc-strict                  pass     src/lib/http.ts
tsc-strict                  pass     src/lib/idempotency.ts
tsc-strict                  pass     src/lib/pagination.ts
tsc-strict                  pass     src/lib/problem.ts
tsc-strict                  pass     src/server.ts
tsc-strict                  FAIL     src/users/routes.ts:10  TS2739: Type '{ data: { id: string; name: string; email: string; createdAt: string; updatedAt: string; age?: number | undefined; }[]; nextCursor: string | null; }' is missing the following properties from type 'Promise<{ data: { id: string; name: string; email: string; createdAt: string; updatedAt: string; age?: number | undefined; }[]; nextCursor: string | null; }>': then, catch, finally, [Symbol.toStringTag]
tsc-strict                  FAIL     src/users/routes.ts:15  TS2739: Type '{ id: string; name: string; email: string; createdAt: string; updatedAt: string; age?: number | undefined; }' is missing the following properties from type 'Promise<{ id: string; name: string; email: string; createdAt: string; updatedAt: string; age?: number | undefined; }>': then, catch, finally, [Symbol.toStringTag]
tsc-strict                  FAIL     src/users/routes.ts:20  TS2739: Type '{ id: string; name: string; email: string; createdAt: string; updatedAt: string; age?: number | undefined; }' is missing the following properties from type 'Promise<{ id: string; name: string; email: string; createdAt: string; updatedAt: string; age?: number | undefined; }>': then, catch, finally, [Symbol.toStringTag]
tsc-strict                  FAIL     src/users/routes.ts:25  TS2739: Type '{ id: string; name: string; email: string; createdAt: string; updatedAt: string; age?: number | undefined; }' is missing the following properties from type 'Promise<{ id: string; name: string; email: string; createdAt: string; updatedAt: string; age?: number | undefined; }>': then, catch, finally, [Symbol.toStringTag]
tsc-strict                  pass     src/users/schema.ts
tsc-strict                  pass     src/users/store.ts
tsc-strict                  pass     test/helpers.ts
tsc-strict                  pass     test/users.test.ts
zod-boundary                pass     src/app.ts
zod-boundary                pass     src/server.ts
zod-boundary                pass     src/users/routes.ts
zod-boundary                pass     src/users/schema.ts
zod-boundary                pass     src/users/store.ts

contract-drift              pass     5/5 routes
problem-json                FAIL     11/11 error paths
rest-conventions            pass     5/5 routes
strict-types                pass     11/11 files
tsc-strict                  FAIL     4 errors
zod-boundary                pass     5/5 handlers
orm-users-explicit-columns  n/a      0/0 queries  (no ORM queries on users found)
verdict                     66%      → standards FAILED